
Memory Configuration

Name             Origin             Length             Attributes
ram              0x80000000         0x00500000         xrw
*default*        0x00000000         0xffffffff

Linker script and memory map

                0x00000000                __DYNAMIC=0x0
                0x00400000                PROVIDE (__stack, 0x400000)
                0x00000000                PROVIDE (hardware_init_hook, 0x0)
                0x00000000                PROVIDE (_hardware_init_hook, 0x0)
                0x00000000                PROVIDE (software_init_hook, 0x0)
                0x00000000                PROVIDE (_software_init_hook, 0x0)

.text           0x80000000     0x9230
 *(.text)
 .text          0x80000000     0x2716 S2_CiscoVC.o
                0x800001ee                S2_CiscoVCEventHandler00001
                0x800024a8                S2_CiscoVC_EventHandler
                0x80000000                S2_CiscoVCEventHandler00000
                0x80002588                S2_CiscoVCWAITINIT
                0x8000268c                S2_CiscoVC_main
 *fill*         0x80002716        0x2
 .text          0x80002718     0x5836 library.o
                0x80006904                RotateRightLong
                0x80006f12                IsSystem
                0x80006868                Seed
                0x80004160                Remove
                0x800064e4                Ltoa
                0x80006210                Atoi
                0x80005578                InitRampInfoArray
                0x80006cbe                Right
                0x80007cee                LockInputSema
                0x80006792                Mod
                0x8000697a                Getc
                0x800066c6                SMuldiv
                0x80006ef4                IsHidden
                0x800065aa                Min
                0x80007b02                hextosi
                0x80007098                WriteIntegerArray
                0x8000760e                GetSignedIntArrayElementPtr
                0x80005f32                CheckStructArray
                0x80007b16                hextosl
                0x8000721e                WriteSignedIntegerArray
                0x80005bfa                InitStringParamArray
                0x80004ecc                ReadSignedLongIntegerArray
                0x80003dee                GatherToDelimiter
                0x80005a1e                InitStringArray
                0x80006584                Max
                0x80006f4e                IsReadOnly
                0x8000668e                SMax
                0x80003f92                GatherByLength
                0x8000641e                Chr
                0x80007070                ReadSignedLongInteger
                0x8000649c                Itohex
                0x80005ea4                GetStructArrayElement
                0x80006198                UNS_SetByte
                0x80006c92                ReverseFindi
                0x80005374                ReadStringArray
                0x8000741e                GetIntArrayElementPtr
                0x80006ace                Lower
                0x80006884                RotateLeft
                0x80007c36                ResizeIfAutogrow
                0x800056a4                CheckInputArray
                0x80002c86                ResizeStringArray
                0x800063b0                Atosl
                0x800061d8                High
                0x80006834                Rnd
                0x80006756                UMod
                0x800068da                RotateLeftLong
                0x80007d62                FindNumericChar
                0x80007866                CheckIOArrayBounds2
                0x80006eac                MakeProgramFilename
                0x800066aa                SMin
                0x80006a02                Left
                0x80006944                CheckBufferThreshold
                0x80007028                ReadSignedInteger
                0x80006202                LowWord
                0x80002718                Bit
                0x80006fd8                ReadLongInteger
                0x80006016                Byte
                0x80007516                GetLongArrayElementPtr
                0x80006c64                ReverseFind
                0x80006ec2                GetSeries
                0x80007e2e                InitTcpServer
                0x80006ab6                Len
                0x80007936                InitializeRampInfoInternal
                0x800065d0                Divide
                0x8000631c                Atol
                0x80006eb8                GetModelNumber
                0x800077fe                CheckIOArrayBounds
                0x800056fe                CheckStringInputArray
                0x800072e0                WriteSignedLongIntegerArray
                0x80005dee                GetStringArrayElement
                0x80006528                Ltohex
                0x80006454                Itoa
                0x800068ae                RotateRight
                0x8000444e                InternalReverseFind
                0x80006fb8                WriteLongInteger
                0x80005922                InitDynamicStringStruct
                0x80005814                SetStringArray
                0x80004caa                ReadSignedIntegerArray
                0x80005758                SetOutputArray
                0x80006f68                WriteInteger
                0x80005d82                InitStructDynamicArray
                0x800046d8                SetString
                0x800067ce                Random
                0x80007000                WriteSignedInteger
                0x8000297c                Find
                0x80006ecc                GetProgramNumber
                0x80006ba2                Mid
                0x80007da0                InitTcpClient
                0x8000386a                ResizeStructArray
                0x80007706                GetSignedLongArrayElementPtr
                0x80007b28                hextol
                0x800050ee                ReadString
                0x80005ab4                InitDynamicStringArray
                0x80007c0e                UpperChar
                0x800062ac                Atosi
                0x80006f90                ReadInteger
                0x80006642                Muldiv
                0x800057c6                SetStringOutputArray
                0x800073a4                WriteString
                0x800032de                ResizeIntegerArray
                0x8000566c                InitInOutArray
                0x80005cc2                InitNvramStringArray
                0x8000656c                Abs
                0x80006712                SDivide
                0x80004868                ReadIntegerArray
                0x80002828                CompareStrings
                0x80007be6                LowerChar
                0x80007ebe                InitUdpSocket
                0x8000692c                ClearBuffer
                0x80006d7a                Upper
                0x80005d5e                InitStructArray
                0x80006e50                MakeLower
                0x80006f30                IsVolume
                0x800042ba                RemoveByLength
                0x80005fae                CheckStringOutputArrayIndex
                0x8000715a                WriteLongIntegerArray
                0x800079e2                InitRampInfoStructArray
                0x800061f4                HighWord
                0x80002af0                ResizeString
                0x80006ed6                IsDirectory
                0x80004a88                ReadLongIntegerArray
                0x800061e6                Low
                0x80003c94                Gather
                0x80006e7e                MakeUpper
                0x800058e4                InitStringStruct
                0x800078ce                CheckStringArrayBounds
                0x80006614                CheckDenominator
                0x80007aea                hextoi
                0x8000520c                WriteStringArray
                0x800060d6                SetByte
                0x8000798c                InitializeRampInfo
                0x80007d28                UnLockInputSema
                0x80007050                WriteSignedLongInteger
                0x800059d6                InitNvramStringStruct
 *fill*         0x80007f4e        0x2
                0x80007f50                .=ALIGN(0x10)
 *(.eh_frame)
                0x80007f50                .=ALIGN(0x10)
 *(.gnu.linkonce.t.*)
                0x80007f50                .=ALIGN(0x4)
                0x80007f50                __CTOR_LIST__=.
                0x80007f50                ___CTOR_LIST__=.
                0x80007f50        0x4 LONG 0x0 (((__CTOR_END__-__CTOR_LIST__)/0x4)-0x2)
 *(.ctors)
                0x80007f54        0x4 LONG 0x0
                0x80007f58                __CTOR_END__=.
                0x80007f58                __DTOR_LIST__=.
                0x80007f58                ___DTOR_LIST__=.
                0x80007f58        0x4 LONG 0x0 (((__DTOR_END__-__DTOR_LIST__)/0x4)-0x2)
 *(.dtors)
                0x80007f5c        0x4 LONG 0x0
                0x80007f60                __DTOR_END__=.
 *(.rodata)
 .rodata        0x80007f60      0x66c S2_CiscoVC.o
 .rodata        0x800085cc      0xc54 library.o
 *(.gcc_except_table)
                0x80009220                .=ALIGN(0x2)
                0x80009220                __INIT_SECTION__=.
                0x80009220        0x4 LONG 0x4e560000
 *(.init)
                0x80009224        0x2 SHORT 0x4e5e
                0x80009226        0x2 SHORT 0x4e75
                0x80009228                __FINI_SECTION__=.
                0x80009228        0x4 LONG 0x4e560000
 *(.fini)
                0x8000922c        0x2 SHORT 0x4e5e
                0x8000922e        0x2 SHORT 0x4e75
 *(.lit)
                0x80009230                .=ALIGN(0x10)
                0x80009230                _etext=.
                0x80009230                etext=.

.data           0x80009230        0x0
                0x80009230                copy_start=.
 *(.shdata)
 *(.data)
 *(.gnu.linkonce.d.*)
                0x80009230                .=ALIGN(0x10)
                0x80009230                _edata=.
                0x80009230                copy_end=.

.got
 *(.got.plt)
 *(.got)

EntryList       0x80009230      0x110
 *(EntryList)
 EntryList      0x80009230      0x110 S2_CiscoVC.o
                0x80009230                S2_CiscoVC_Entry
                0x80009340                .=ALIGN(0x4)

FunctionList    0x80009340        0x4
 *(FunctionList)
 FunctionList   0x80009340        0x4 globals.o
                0x80009340                g_pFunctions
                0x80009344                .=ALIGN(0x4)

.bss            0x80009344        0x0
                0x80009344                .=ALIGN(0x4)
                0x80009344                __bss_start=.
 *(.shbss)
 *(.bss)
 *(COMMON)
                0x80009348                _end=ALIGN(0x8)
                0x80009348                __end=_end

.stab
 *(.stab)

.stabstr
 *(.stabstr)

.debug
 *(.debug)

.line
 *(.line)

.debug_srcinfo
 *(.debug_srcinfo)

.debug_sfnames
 *(.debug_sfnames)

.debug_aranges
 *(.debug_aranges)

.debug_pubnames
 *(.debug_pubnames)

.debug_info
 *(.debug_info)

.debug_abbrev
 *(.debug_abbrev)

.debug_line
 *(.debug_line)

.debug_frame
 *(.debug_frame)

.debug_str
 *(.debug_str)

.debug_loc
 *(.debug_loc)

.debug_macinfo
 *(.debug_macinfo)

.debug_weaknames
 *(.debug_weaknames)

.debug_funcnames
 *(.debug_funcnames)

.debug_typenames
 *(.debug_typenames)

.debug_varnames
 *(.debug_varnames)
LOAD S2_CiscoVC.o
LOAD globals.o
LOAD library.o
OUTPUT(S2_CiscoVC.elf elf32-m68k)

.comment        0x80009344       0x72
 .comment       0x80009344       0x26 S2_CiscoVC.o
 .comment       0x8000936a       0x26 globals.o
 .comment       0x80009390       0x26 library.o
